E2 actual audit serialization complete: none, 100000 events
E2 actual audit serialization complete: ifc_safeview, 100000 events
E2 actual audit serialization complete: flowfence_lite_nonoracle, 100000 events
E2 none n=1000 rep=1: mean_us=0.423
E2 ifc_safeview n=1000 rep=1: mean_us=2.919
E2 flowfence_lite_nonoracle n=1000 rep=1: mean_us=6.294
E2 ifc_safeview n=1000 rep=2: mean_us=2.743
E2 flowfence_lite_nonoracle n=1000 rep=2: mean_us=6.166
E2 none n=1000 rep=2: mean_us=0.474
E2 flowfence_lite_nonoracle n=1000 rep=3: mean_us=6.181
E2 none n=1000 rep=3: mean_us=0.476
E2 ifc_safeview n=1000 rep=3: mean_us=2.671
E2 none n=1000 rep=4: mean_us=0.483
E2 ifc_safeview n=1000 rep=4: mean_us=2.699
E2 flowfence_lite_nonoracle n=1000 rep=4: mean_us=6.068
E2 ifc_safeview n=1000 rep=5: mean_us=2.675
E2 flowfence_lite_nonoracle n=1000 rep=5: mean_us=6.330
E2 none n=1000 rep=5: mean_us=0.420
E2 none n=10000 rep=1: mean_us=0.457
E2 ifc_safeview n=10000 rep=1: mean_us=2.721
E2 flowfence_lite_nonoracle n=10000 rep=1: mean_us=6.215
E2 ifc_safeview n=10000 rep=2: mean_us=2.749
E2 flowfence_lite_nonoracle n=10000 rep=2: mean_us=6.229
E2 none n=10000 rep=2: mean_us=0.477
E2 flowfence_lite_nonoracle n=10000 rep=3: mean_us=6.202
E2 none n=10000 rep=3: mean_us=0.452
E2 ifc_safeview n=10000 rep=3: mean_us=2.753
E2 none n=10000 rep=4: mean_us=0.447
E2 ifc_safeview n=10000 rep=4: mean_us=2.755
E2 flowfence_lite_nonoracle n=10000 rep=4: mean_us=6.219
E2 ifc_safeview n=10000 rep=5: mean_us=2.808
E2 flowfence_lite_nonoracle n=10000 rep=5: mean_us=6.249
E2 none n=10000 rep=5: mean_us=0.454
E2 none n=100000 rep=1: mean_us=0.468
E2 ifc_safeview n=100000 rep=1: mean_us=2.767
E2 flowfence_lite_nonoracle n=100000 rep=1: mean_us=6.416
E2 ifc_safeview n=100000 rep=2: mean_us=2.795
E2 flowfence_lite_nonoracle n=100000 rep=2: mean_us=6.261
E2 none n=100000 rep=2: mean_us=0.468
E2 flowfence_lite_nonoracle n=100000 rep=3: mean_us=6.237
E2 none n=100000 rep=3: mean_us=0.467
E2 ifc_safeview n=100000 rep=3: mean_us=2.760
E2 none n=100000 rep=4: mean_us=0.464
E2 ifc_safeview n=100000 rep=4: mean_us=2.759
E2 flowfence_lite_nonoracle n=100000 rep=4: mean_us=6.285
E2 ifc_safeview n=100000 rep=5: mean_us=2.769
E2 flowfence_lite_nonoracle n=100000 rep=5: mean_us=6.272
E2 none n=100000 rep=5: mean_us=0.467
